// Jest Snapshot v1, https://goo.gl/fbAQLP

exports[`Containers PageInternal PageBodyContainerWatchlist ArticleGridContainerDataWatchlist shallow renders correctly 1`] = `""`;

exports[`Containers PageInternal PageBodyContainerWatchlist ArticleGridContainerDataWatchlist shallow renders correctly, with no security data 1`] = `""`;
