// Jest Snapshot v1, https://goo.gl/fbAQLP

exports[`Containers PageInternal PageBodyContainerWatchlist ArticleContainerWatchlist shallow renders correctly 1`] = `
<ArticleWatchlist
  articleMenuHeight={75}
  heightBuffer={60}
  heightIndent={30}
  mediaWidth={925}
  menuHeight={73}
  outsideWidthTotal={429}
  securities={
    Object {
      "current": "testId0",
      "list": Array [
        "testId0",
        "testId1",
        "testId2",
      ],
      "testId0": Object {
        "category": "testCategory0",
        "exchange": "testExchange0",
        "id": "testId0",
        "name": "testName0",
        "tickerCusip": "testTickerCusip0",
      },
      "testId1": Object {
        "category": "testCategory1",
        "exchange": "testExchange1",
        "id": "testId1",
        "name": "testName1",
        "tickerCusip": "testTickerCusip1",
      },
      "testId2": Object {
        "category": "testCategory2",
        "exchange": "testExchange2",
        "id": "testId2",
        "name": "testName2",
        "tickerCusip": "testTickerCusip2",
      },
    }
  }
  statusLoading={true}
  widthBuffer={60}
  widthIndent={30}
  widthTable={470}
/>
`;

exports[`Containers PageInternal PageBodyContainerWatchlist ArticleContainerWatchlist shallow renders correctly, with componentWillReceiveProps 1`] = `
<ArticleWatchlist
  articleMenuHeight={75}
  heightBuffer={60}
  heightIndent={30}
  mediaWidth={925}
  menuHeight={73}
  outsideWidthTotal={429}
  securities={
    Object {
      "current": "testId0",
      "list": Array [
        "testId0",
        "testId1",
        "testId2",
      ],
      "testId0": Object {
        "category": "testCategory0",
        "exchange": "testExchange0",
        "id": "testId0",
        "name": "testName0",
        "tickerCusip": "testTickerCusip0",
      },
      "testId1": Object {
        "category": "testCategory1",
        "exchange": "testExchange1",
        "id": "testId1",
        "name": "testName1",
        "tickerCusip": "testTickerCusip1",
      },
      "testId2": Object {
        "category": "testCategory2",
        "exchange": "testExchange2",
        "id": "testId2",
        "name": "testName2",
        "tickerCusip": "testTickerCusip2",
      },
    }
  }
  statusLoading={true}
  widthBuffer={60}
  widthIndent={30}
  widthTable={470}
/>
`;
