// Jest Snapshot v1, https://goo.gl/fbAQLP

exports[`Containers PageInternal PageBodyContainerWatchlist ArticleDescriptionContainerWatchlist shallow renders correctly 1`] = `
<Paragraph__P
  alignItems={null}
  alignSelf="flex-start"
  background={null}
  borderColorType="border"
  borderRadius={null}
  borderStyle={null}
  borderWidth={null}
  boxSizing={null}
  color={Object {}}
  colorType="dark"
  display={null}
  flex="1 1"
  flexDirection={null}
  flexWrap={null}
  fontFamily={null}
  fontSize={null}
  fontWeight={null}
  height={null}
  id={null}
  justifyContent={null}
  letterSpacing={null}
  lineHeight={null}
  margin="0"
  mediaWidth={null}
  minWidth="250px"
  padding={null}
  responsiveThemeFont={null}
  responsiveWidth={null}
  textAlign={null}
  themeColor="primary"
  themeFont="default"
  themeFontWeight="light"
  themeLetterSpacing="default"
  themeLineHeight="default"
  themeSize="paragraph"
  type="text"
  whiteSpace={null}
  width="100%"
>
  testDescription0
</Paragraph__P>
`;

exports[`Containers PageInternal PageBodyContainerWatchlist ArticleDescriptionContainerWatchlist shallow renders correctly, with loading indicator 1`] = `
<Paragraph__P
  alignItems={null}
  alignSelf="flex-start"
  background={null}
  borderColorType="border"
  borderRadius={null}
  borderStyle={null}
  borderWidth={null}
  boxSizing={null}
  color={Object {}}
  colorType="dark"
  display={null}
  flex="1 1"
  flexDirection={null}
  flexWrap={null}
  fontFamily={null}
  fontSize={null}
  fontWeight={null}
  height={null}
  id={null}
  justifyContent={null}
  letterSpacing={null}
  lineHeight={null}
  margin="0"
  mediaWidth={null}
  minWidth="250px"
  padding={null}
  responsiveThemeFont={null}
  responsiveWidth={null}
  textAlign={null}
  themeColor="primary"
  themeFont="default"
  themeFontWeight="light"
  themeLetterSpacing="default"
  themeLineHeight="default"
  themeSize="paragraph"
  type="text"
  whiteSpace={null}
  width="100%"
>
  testDescription0
</Paragraph__P>
`;

exports[`Containers PageInternal PageBodyContainerWatchlist ArticleDescriptionContainerWatchlist shallow renders correctly, with no security data 1`] = `""`;
