// Jest Snapshot v1, https://goo.gl/fbAQLP

exports[`uiThunkExternal firstButtonSignUp fails and throws an error when missing 'history' key in payload 1`] = `[Error: Please enter a value for the 'history' key - {}]`;

exports[`uiThunkExternal firstButtonSignUp fails and throws an error when missing 'resetStripeElement' key in payload 1`] = `[Error: Please enter a value for the 'resetStripeElement' key - {"history":{},"stripeElement":{"test":"testStripeElement"}}]`;

exports[`uiThunkExternal firstButtonSignUp fails and throws an error when missing 'stripeElement' key in payload 1`] = `[Error: Please enter a value for the 'stripeElement' key - {"history":{}}]`;
