// Jest Snapshot v1, https://goo.gl/fbAQLP

exports[`Containers PageExternal FormArrayContainerCode Forms FormContainerDevice shallow renders correctly 1`] = `
<FormDevice
  currentFormBool={false}
  formHeightBuffer={50}
  heightRef={[MockFunction]}
  inputHeightBuffer={15}
  inputs={Object {}}
  mediaWidth={700}
  width={300}
/>
`;

exports[`Containers PageExternal FormArrayContainerCode Forms FormContainerDevice shallow renders correctly, with componentWillUpdate, componentDidUpdate, and componentWillUnmount 1`] = `
<FormDevice
  currentFormBool={false}
  formHeightBuffer={50}
  heightRef={[MockFunction]}
  inputHeightBuffer={15}
  inputs={Object {}}
  mediaWidth={700}
  width={300}
/>
`;

exports[`Containers PageExternal FormArrayContainerCode Forms FormContainerDevice shallow renders correctly, with loading indicator 1`] = `
<FlexColumn
  alignItems={null}
  alignSelf={null}
  borderColorType="border"
  borderRadius={null}
  borderStyle={null}
  borderWidth={null}
  boxSizing={null}
  color={Object {}}
  display={null}
  flex={null}
  flexWrap={null}
  height="100%"
  justifyContent={null}
  margin={null}
  mediaWidth={null}
  minHeight={null}
  minWidth={null}
  overflowX={null}
  overflowY={null}
  padding={null}
  position={null}
  responsiveAlignSecurities={null}
  responsiveJustifyContent={null}
  responsiveMargin={null}
  responsivePadding={null}
  responsivePosition={null}
  responsiveWidth={null}
  separator={false}
  themeColor="primary"
  width="300px"
>
  <BeatLoader
    color="#7367e6"
    loading={true}
    margin="2px"
    size="15px"
  />
</FlexColumn>
`;
