// Jest Snapshot v1, https://goo.gl/fbAQLP

exports[`Containers PageInternal PageContainerInternal shallow renders correctly, when authenticated equals false, with watchlist path and securityId param equal to current security 1`] = `
<Redirect
  push={false}
  to="/login"
/>
`;

exports[`Containers PageInternal PageContainerInternal shallow renders correctly, with account path, fonts status equal to loading, no watchlist securities, and loading indicator 1`] = `
<Redirect
  push={false}
  to="/login"
/>
`;

exports[`Containers PageInternal PageContainerInternal shallow renders correctly, with componentDidMount, componentWillReceiveProps, watchlist path, securityId param, and account page body 1`] = `
<Redirect
  push={false}
  to="/login"
/>
`;

exports[`Containers PageInternal PageContainerInternal shallow renders correctly, with logout and delete account statuses set to success, watchlist path, and no securityId param 1`] = `
<Redirect
  push={false}
  to="/login"
/>
`;

exports[`Containers PageInternal PageContainerInternal shallow renders correctly, with watchlist path and no current security 1`] = `
<Redirect
  push={false}
  to="/login"
/>
`;

exports[`Containers PageInternal PageContainerInternal shallow renders correctly, with watchlist path and securityId param not equal to current security 1`] = `
<Redirect
  push={false}
  to="/login"
/>
`;

exports[`Containers PageInternal PageContainerInternal shallow renders correctly, with watchlist path and securityId param not in securities 1`] = `
<Redirect
  push={false}
  to="/login"
/>
`;

exports[`Containers PageInternal PageContainerInternal shallow renders correctly, with watchlist path, securityId equal to current security, fonts, example header, and aws statuses image equal to success, and logout and delete account status equal to idle 1`] = `
<Redirect
  push={false}
  to="/login"
/>
`;
