// Jest Snapshot v1, https://goo.gl/fbAQLP

exports[`dataThunkAuth requestResetPassword fails and throws an error when missing 'code' key in payload 1`] = `[Error: Please enter a value for the 'code' key - {"email":"testEmail"}]`;

exports[`dataThunkAuth requestResetPassword fails and throws an error when missing 'email' key in payload 1`] = `[Error: Please enter a value for the 'email' key - [object Object]]`;

exports[`dataThunkAuth requestResetPassword fails and throws an error when missing 'password' key in payload 1`] = `[Error: Please enter a value for the 'password' key - {"email":"testEmail","code":"123456"}]`;
