// Jest Snapshot v1, https://goo.gl/fbAQLP

exports[`dataThunkAuth requestSignUpConfirmPhone fails and throws an error when missing 'email' key in payload 1`] = `[Error: Please enter a value for the 'email' key - [object Object]]`;

exports[`dataThunkAuth requestSignUpConfirmPhone fails when provided a payload with an 'code' key that is not an object 1`] = `[Error: Please enter a value for the 'code' key - {"email":"testEmail"}]`;
