// Jest Snapshot v1, https://goo.gl/fbAQLP

exports[`uiThunkApp loadFonts calls the correct actions with the correct payloads, when WebFont returns fontinactive 1`] = `[Function]`;

exports[`uiThunkApp loadFonts calls the correct actions with the correct payloads, when WebFont returns fontinactive 2`] = `[Function]`;
